
> free-nextjs-admin-dashboard@2.0.1 build
> next build

   ▲ Next.js 15.1.3
   - Environments: .env

   Creating an optimized production build ...
 ✓ Compiled successfully
   Linting and checking validity of types ...

Failed to compile.

./src/app/(admin)/(others-pages)/routine-ca-final/[id]/page.tsx
126:6  Warning: React Hook useEffect has a missing dependency: 'formik'. Either include it or remove the dependency array.  react-hooks/exhaustive-deps

./src/app/(admin)/(others-pages)/routine-ca-foundation-list/[id]/page.tsx
126:6  Warning: React Hook useEffect has a missing dependency: 'formik'. Either include it or remove the dependency array.  react-hooks/exhaustive-deps

./src/app/(admin)/(others-pages)/routine-ca-intermediate/[id]/page.tsx
126:6  Warning: React Hook useEffect has a missing dependency: 'formik'. Either include it or remove the dependency array.  react-hooks/exhaustive-deps

./src/app/(admin)/(others-pages)/routine-ca-mandatory/[id]/page.tsx
126:6  Warning: React Hook useEffect has a missing dependency: 'formik'. Either include it or remove the dependency array.  react-hooks/exhaustive-deps

./src/app/(admin)/exams/[id]/results/page.tsx
83:11  Warning: The 'results' logical expression could make the dependencies of useEffect Hook (at line 115) change on every render. To fix this, wrap the initialization of 'results' in its own useMemo() Hook.  react-hooks/exhaustive-deps
84:11  Warning: The 'subjects' logical expression could make the dependencies of useEffect Hook (at line 115) change on every render. To fix this, wrap the initialization of 'subjects' in its own useMemo() Hook.  react-hooks/exhaustive-deps

./src/app/(admin)/exams/create/page.tsx
31:11  Error: 'router' is assigned a value but never used.  @typescript-eslint/no-unused-vars

./src/app/(admin)/exams/page.tsx
103:8  Warning: React Hook useEffect has a missing dependency: 'urlClassId'. Either include it or remove the dependency array.  react-hooks/exhaustive-deps

./src/app/(admin)/routine/page.tsx
124:73  Error: Unexpected any. Specify a different type.  @typescript-eslint/no-explicit-any
126:42  Error: Unexpected any. Specify a different type.  @typescript-eslint/no-explicit-any
130:69  Error: Unexpected any. Specify a different type.  @typescript-eslint/no-explicit-any
133:31  Error: Unexpected any. Specify a different type.  @typescript-eslint/no-explicit-any
408:106  Error: Unexpected any. Specify a different type.  @typescript-eslint/no-explicit-any
482:60  Error: Unexpected any. Specify a different type.  @typescript-eslint/no-explicit-any
500:48  Error: Unexpected any. Specify a different type.  @typescript-eslint/no-explicit-any

./src/components/CaCourse/CaFinal.tsx
112:8  Warning: React Hook useEffect has a missing dependency: 'formik'. Either include it or remove the dependency array.  react-hooks/exhaustive-deps

./src/components/CaCourse/CaFoundation.tsx
112:8  Warning: React Hook useEffect has a missing dependency: 'formik'. Either include it or remove the dependency array.  react-hooks/exhaustive-deps

./src/components/CaCourse/CaIntermediate.tsx
111:8  Warning: React Hook useEffect has a missing dependency: 'formik'. Either include it or remove the dependency array.  react-hooks/exhaustive-deps

./src/components/CaCourse/MandatoryTraining.tsx
111:8  Warning: React Hook useEffect has a missing dependency: 'formik'. Either include it or remove the dependency array.  react-hooks/exhaustive-deps

./src/components/ImageUploader.tsx
131:11  Warning: Using `<img>` could result in slower LCP and higher bandwidth. Consider using `<Image />` from `next/image` or a custom image loader to automatically optimize images. This may incur additional usage or cost from your provider. See: https://nextjs.org/docs/messages/no-img-element  @next/next/no-img-element

./src/components/crm/DatePickerDemo.tsx
70:6  Warning: React Hook useEffect has a missing dependency: 'formatDate'. Either include it or remove the dependency array.  react-hooks/exhaustive-deps

./src/components/pageComponent/AboutEdit.tsx
224:8  Warning: React Hook useEffect has a missing dependency: 'formik'. Either include it or remove the dependency array.  react-hooks/exhaustive-deps

./src/components/pageComponent/AlumniEdit.tsx
235:8  Warning: React Hook useEffect has a missing dependency: 'formik'. Either include it or remove the dependency array.  react-hooks/exhaustive-deps

./src/components/pageComponent/AlumniList.tsx
133:25  Warning: Using `<img>` could result in slower LCP and higher bandwidth. Consider using `<Image />` from `next/image` or a custom image loader to automatically optimize images. This may incur additional usage or cost from your provider. See: https://nextjs.org/docs/messages/no-img-element  @next/next/no-img-element
139:25  Warning: Using `<img>` could result in slower LCP and higher bandwidth. Consider using `<Image />` from `next/image` or a custom image loader to automatically optimize images. This may incur additional usage or cost from your provider. See: https://nextjs.org/docs/messages/no-img-element  @next/next/no-img-element

./src/components/pageComponent/BlogAdd.tsx
122:9  Warning: React Hook useEffect has a missing dependency: 'formik'. Either include it or remove the dependency array.  react-hooks/exhaustive-deps

./src/components/pageComponent/BlogEdit.tsx
232:8  Warning: React Hook useEffect has a missing dependency: 'formik'. Either include it or remove the dependency array.  react-hooks/exhaustive-deps
248:8  Warning: React Hook useEffect has a missing dependency: 'formik'. Either include it or remove the dependency array.  react-hooks/exhaustive-deps

./src/components/pageComponent/BlogList.tsx
278:25  Warning: Using `<img>` could result in slower LCP and higher bandwidth. Consider using `<Image />` from `next/image` or a custom image loader to automatically optimize images. This may incur additional usage or cost from your provider. See: https://nextjs.org/docs/messages/no-img-element  @next/next/no-img-element
284:25  Warning: Using `<img>` could result in slower LCP and higher bandwidth. Consider using `<Image />` from `next/image` or a custom image loader to automatically optimize images. This may incur additional usage or cost from your provider. See: https://nextjs.org/docs/messages/no-img-element  @next/next/no-img-element

./src/components/pageComponent/CaFinalEdit.tsx
220:8  Warning: React Hook useEffect has a missing dependency: 'formik'. Either include it or remove the dependency array.  react-hooks/exhaustive-deps
235:12  Warning: React Hook useEffect has a missing dependency: 'formik'. Either include it or remove the dependency array.  react-hooks/exhaustive-deps

./src/components/pageComponent/CaFoundationEdit.tsx
220:8  Warning: React Hook useEffect has a missing dependency: 'formik'. Either include it or remove the dependency array.  react-hooks/exhaustive-deps
234:12  Warning: React Hook useEffect has a missing dependency: 'formik'. Either include it or remove the dependency array.  react-hooks/exhaustive-deps

./src/components/pageComponent/CaIntermediateEdit.tsx
222:8  Warning: React Hook useEffect has a missing dependency: 'formik'. Either include it or remove the dependency array.  react-hooks/exhaustive-deps
237:8  Warning: React Hook useEffect has a missing dependency: 'formik'. Either include it or remove the dependency array.  react-hooks/exhaustive-deps

./src/components/pageComponent/CapiEdit.tsx
228:8  Warning: React Hook useEffect has a missing dependency: 'formik'. Either include it or remove the dependency array.  react-hooks/exhaustive-deps

./src/components/pageComponent/CapiiEdit.tsx
228:8  Warning: React Hook useEffect has a missing dependency: 'formik'. Either include it or remove the dependency array.  react-hooks/exhaustive-deps

./src/components/pageComponent/CapiiiEdit.tsx
227:8  Warning: React Hook useEffect has a missing dependency: 'formik'. Either include it or remove the dependency array.  react-hooks/exhaustive-deps

./src/components/pageComponent/FaqEdit.tsx
233:8  Warning: React Hook useEffect has a missing dependency: 'formik'. Either include it or remove the dependency array.  react-hooks/exhaustive-deps

./src/components/pageComponent/GalleryEdit.tsx
222:8  Warning: React Hook useEffect has a missing dependency: 'formik'. Either include it or remove the dependency array.  react-hooks/exhaustive-deps

./src/components/pageComponent/GalleryList.tsx
134:25  Warning: Using `<img>` could result in slower LCP and higher bandwidth. Consider using `<Image />` from `next/image` or a custom image loader to automatically optimize images. This may incur additional usage or cost from your provider. See: https://nextjs.org/docs/messages/no-img-element  @next/next/no-img-element
140:25  Warning: Using `<img>` could result in slower LCP and higher bandwidth. Consider using `<Image />` from `next/image` or a custom image loader to automatically optimize images. This may incur additional usage or cost from your provider. See: https://nextjs.org/docs/messages/no-img-element  @next/next/no-img-element

./src/components/pageComponent/HighlightEdit.tsx
234:8  Warning: React Hook useEffect has a missing dependency: 'formik'. Either include it or remove the dependency array.  react-hooks/exhaustive-deps

./src/components/pageComponent/HighlightList.tsx
132:25  Warning: Using `<img>` could result in slower LCP and higher bandwidth. Consider using `<Image />` from `next/image` or a custom image loader to automatically optimize images. This may incur additional usage or cost from your provider. See: https://nextjs.org/docs/messages/no-img-element  @next/next/no-img-element
138:25  Warning: Using `<img>` could result in slower LCP and higher bandwidth. Consider using `<Image />` from `next/image` or a custom image loader to automatically optimize images. This may incur additional usage or cost from your provider. See: https://nextjs.org/docs/messages/no-img-element  @next/next/no-img-element

./src/components/pageComponent/IcaiEdit.tsx
226:8  Warning: React Hook useEffect has a missing dependency: 'formik'. Either include it or remove the dependency array.  react-hooks/exhaustive-deps

./src/components/pageComponent/MandatoryTrainingEdit.tsx
220:8  Warning: React Hook useEffect has a missing dependency: 'formik'. Either include it or remove the dependency array.  react-hooks/exhaustive-deps
233:12  Warning: React Hook useEffect has a missing dependency: 'formik'. Either include it or remove the dependency array.  react-hooks/exhaustive-deps

./src/components/pageComponent/NewsAdd.tsx
122:8  Warning: React Hook useEffect has a missing dependency: 'formik'. Either include it or remove the dependency array.  react-hooks/exhaustive-deps

./src/components/pageComponent/NewsBlogList.tsx
129:25  Warning: Using `<img>` could result in slower LCP and higher bandwidth. Consider using `<Image />` from `next/image` or a custom image loader to automatically optimize images. This may incur additional usage or cost from your provider. See: https://nextjs.org/docs/messages/no-img-element  @next/next/no-img-element
135:25  Warning: Using `<img>` could result in slower LCP and higher bandwidth. Consider using `<Image />` from `next/image` or a custom image loader to automatically optimize images. This may incur additional usage or cost from your provider. See: https://nextjs.org/docs/messages/no-img-element  @next/next/no-img-element

./src/components/pageComponent/NewsEdit.tsx
240:8  Warning: React Hook useEffect has a missing dependency: 'formik'. Either include it or remove the dependency array.  react-hooks/exhaustive-deps
253:8  Warning: React Hook useEffect has a missing dependency: 'formik'. Either include it or remove the dependency array.  react-hooks/exhaustive-deps

./src/components/pageComponent/SliderEdit.tsx
229:8  Warning: React Hook useEffect has a missing dependency: 'formik'. Either include it or remove the dependency array.  react-hooks/exhaustive-deps

./src/components/pageComponent/SliderList.tsx
266:25  Warning: Using `<img>` could result in slower LCP and higher bandwidth. Consider using `<Image />` from `next/image` or a custom image loader to automatically optimize images. This may incur additional usage or cost from your provider. See: https://nextjs.org/docs/messages/no-img-element  @next/next/no-img-element
272:25  Warning: Using `<img>` could result in slower LCP and higher bandwidth. Consider using `<Image />` from `next/image` or a custom image loader to automatically optimize images. This may incur additional usage or cost from your provider. See: https://nextjs.org/docs/messages/no-img-element  @next/next/no-img-element

./src/components/pageComponent/TeamEdit.tsx
239:8  Warning: React Hook useEffect has a missing dependency: 'formik'. Either include it or remove the dependency array.  react-hooks/exhaustive-deps

./src/components/pageComponent/TeamEditTwo.tsx
239:8  Warning: React Hook useEffect has a missing dependency: 'formik'. Either include it or remove the dependency array.  react-hooks/exhaustive-deps

./src/components/pageComponent/TeamList.tsx
137:25  Warning: Using `<img>` could result in slower LCP and higher bandwidth. Consider using `<Image />` from `next/image` or a custom image loader to automatically optimize images. This may incur additional usage or cost from your provider. See: https://nextjs.org/docs/messages/no-img-element  @next/next/no-img-element
143:25  Warning: Using `<img>` could result in slower LCP and higher bandwidth. Consider using `<Image />` from `next/image` or a custom image loader to automatically optimize images. This may incur additional usage or cost from your provider. See: https://nextjs.org/docs/messages/no-img-element  @next/next/no-img-element

./src/components/pageComponent/TeamListTow.tsx
133:25  Warning: Using `<img>` could result in slower LCP and higher bandwidth. Consider using `<Image />` from `next/image` or a custom image loader to automatically optimize images. This may incur additional usage or cost from your provider. See: https://nextjs.org/docs/messages/no-img-element  @next/next/no-img-element
139:25  Warning: Using `<img>` could result in slower LCP and higher bandwidth. Consider using `<Image />` from `next/image` or a custom image loader to automatically optimize images. This may incur additional usage or cost from your provider. See: https://nextjs.org/docs/messages/no-img-element  @next/next/no-img-element

./src/components/pageComponent/TestimonialEdit.tsx
237:8  Warning: React Hook useEffect has a missing dependency: 'formik'. Either include it or remove the dependency array.  react-hooks/exhaustive-deps

./src/components/pageComponent/TestimonialList.tsx
431:25  Warning: Using `<img>` could result in slower LCP and higher bandwidth. Consider using `<Image />` from `next/image` or a custom image loader to automatically optimize images. This may incur additional usage or cost from your provider. See: https://nextjs.org/docs/messages/no-img-element  @next/next/no-img-element
437:25  Warning: Using `<img>` could result in slower LCP and higher bandwidth. Consider using `<Image />` from `next/image` or a custom image loader to automatically optimize images. This may incur additional usage or cost from your provider. See: https://nextjs.org/docs/messages/no-img-element  @next/next/no-img-element

./src/components/pageComponent/TopperStudent.tsx
118:8  Warning: React Hook useEffect has a missing dependency: 'formik'. Either include it or remove the dependency array.  react-hooks/exhaustive-deps

./src/components/pageComponent/TopperStudentEdit.tsx
238:8  Warning: React Hook useEffect has a missing dependency: 'formik'. Either include it or remove the dependency array.  react-hooks/exhaustive-deps

./src/components/pageComponent/TopperStudentList.tsx
281:25  Warning: Using `<img>` could result in slower LCP and higher bandwidth. Consider using `<Image />` from `next/image` or a custom image loader to automatically optimize images. This may incur additional usage or cost from your provider. See: https://nextjs.org/docs/messages/no-img-element  @next/next/no-img-element
287:25  Warning: Using `<img>` could result in slower LCP and higher bandwidth. Consider using `<Image />` from `next/image` or a custom image loader to automatically optimize images. This may incur additional usage or cost from your provider. See: https://nextjs.org/docs/messages/no-img-element  @next/next/no-img-element

./src/components/tables/BasicTableOne.tsx
88:21  Warning: Using `<img>` could result in slower LCP and higher bandwidth. Consider using `<Image />` from `next/image` or a custom image loader to automatically optimize images. This may incur additional usage or cost from your provider. See: https://nextjs.org/docs/messages/no-img-element  @next/next/no-img-element

info  - Need to disable some ESLint rules? Learn more here: https://nextjs.org/docs/app/api-reference/config/eslint#disabling-rules
